node.exe :  ÔÜá Warning: Next.js inferred your workspace root, but it may not be correct.
En línea: 1 Carácter: 1
+ & "C:\Program Files\nodejs/node.exe" "C:\Program Files\nodejs/node_mo ...
+ ~~~~~~~~~~~~~~~~~~~~~~~~~~~~~~~~~~~~~~~~~~~~~~~~~~~~~~~~~~~~~~~~~~~~~
    + CategoryInfo          : NotSpecified: ( ÔÜá Warning: N...not be correct.:String) [], RemoteException
    + FullyQualifiedErrorId : NativeCommandError
 
 We detected multiple lockfiles and selected the directory of 
C:\Users\camil\Downloads\Compressed\aplicativo_cermont_prueba\cermont_aplicativo\package-lock.json as the root 
directory.
 To silence this warning, set `outputFileTracingRoot` in your Next.js config, or consider removing one of the lockfiles 
if it's not needed.
   See https://nextjs.org/docs/app/api-reference/config/next-config-js/output#caveats for more information.
 Detected additional lockfiles: 
   * C:\Users\camil\Downloads\Compressed\aplicativo_cermont_prueba\cermont_aplicativo\frontend\package-lock.json

   Ôû▓ Next.js 15.5.6

   Creating an optimized production build ...
 Ô£ô Compiled successfully in 3.1s
   Linting and checking validity of types ...

Failed to compile.

./src/app/(admin)/kits/page.tsx
3:10  Warning: 'useState' is defined but never used.  @typescript-eslint/no-unused-vars
5:24  Warning: 'Kit' is defined but never used.  @typescript-eslint/no-unused-vars

./src/app/(admin)/layout.tsx
17:11  Warning: 'user' is assigned a value but never used.  @typescript-eslint/no-unused-vars

./src/app/(admin)/orders/[id]/page.tsx
3:20  Warning: 'OrderState' is defined but never used.  @typescript-eslint/no-unused-vars

./src/app/(admin)/users/new/page.tsx
44:15  Warning: 'confirmPassword' is assigned a value but never used.  @typescript-eslint/no-unused-vars
44:32  Warning: 'phone' is assigned a value but never used.  @typescript-eslint/no-unused-vars

./src/app/(admin)/users/[id]/page.tsx
9:9  Warning: 'router' is assigned a value but never used.  @typescript-eslint/no-unused-vars

./src/app/(full-width-pages)/(auth)/forgot-password/page.tsx
41:21  Error: Unexpected any. Specify a different type.  @typescript-eslint/no-explicit-any
195:21  Error: Unexpected any. Specify a different type.  @typescript-eslint/no-explicit-any

./src/components/auth/SignInForm.tsx
43:19  Error: Unexpected any. Specify a different type.  @typescript-eslint/no-explicit-any

./src/components/header/UserDropdown.tsx
2:8  Warning: 'Image' is defined but never used.  @typescript-eslint/no-unused-vars
3:8  Warning: 'Link' is defined but never used.  @typescript-eslint/no-unused-vars

./src/features/checklists/api/checklists-service.ts
10:42  Error: Unexpected any. Specify a different type.  @typescript-eslint/no-explicit-any
15:42  Error: Unexpected any. Specify a different type.  @typescript-eslint/no-explicit-any
20:42  Error: Unexpected any. Specify a different type.  @typescript-eslint/no-explicit-any
25:42  Error: Unexpected any. Specify a different type.  @typescript-eslint/no-explicit-any
30:43  Error: Unexpected any. Specify a different type.  @typescript-eslint/no-explicit-any
35:42  Error: Unexpected any. Specify a different type.  @typescript-eslint/no-explicit-any
40:28  Error: Unexpected any. Specify a different type.  @typescript-eslint/no-explicit-any
44:43  Error: Unexpected any. Specify a different type.  @typescript-eslint/no-explicit-any
49:43  Error: Unexpected any. Specify a different type.  @typescript-eslint/no-explicit-any

./src/features/kits/api/kits-service.ts
10:42  Error: Unexpected any. Specify a different type.  @typescript-eslint/no-explicit-any
15:42  Error: Unexpected any. Specify a different type.  @typescript-eslint/no-explicit-any
20:42  Error: Unexpected any. Specify a different type.  @typescript-eslint/no-explicit-any
25:42  Error: Unexpected any. Specify a different type.  @typescript-eslint/no-explicit-any
30:43  Error: Unexpected any. Specify a different type.  @typescript-eslint/no-explicit-any
35:42  Error: Unexpected any. Specify a different type.  @typescript-eslint/no-explicit-any
40:28  Error: Unexpected any. Specify a different type.  @typescript-eslint/no-explicit-any
44:43  Error: Unexpected any. Specify a different type.  @typescript-eslint/no-explicit-any

./src/features/kits/components/KitModal.tsx
42:33  Error: Unexpected any. Specify a different type.  @typescript-eslint/no-explicit-any
86:37  Error: Unexpected any. Specify a different type.  @typescript-eslint/no-explicit-any
192:84  Error: Unexpected any. Specify a different type.  @typescript-eslint/no-explicit-any
383:96  Error: Unexpected any. Specify a different type.  @typescript-eslint/no-explicit-any

./src/features/orders/components/BillingTab.tsx
28:79  Error: Unexpected any. Specify a different type.  @typescript-eslint/no-explicit-any

./src/features/workplans/components/CostBreakdownTable.tsx
30:8  Warning: React Hook useEffect has a missing dependency: 'fetchItems'. Either include it or remove the dependency 
array.  react-hooks/exhaustive-deps
60:67  Error: Unexpected any. Specify a different type.  @typescript-eslint/no-explicit-any
427:72  Error: `"` can be escaped with `&quot;`, `&ldquo;`, `&#34;`, `&rdquo;`.  react/no-unescaped-entities
427:85  Error: `"` can be escaped with `&quot;`, `&ldquo;`, `&#34;`, `&rdquo;`.  react/no-unescaped-entities

./src/features/workplans/components/CostSummaryCard.tsx
5:36  Warning: 'DollarSign' is defined but never used.  @typescript-eslint/no-unused-vars
18:8  Warning: React Hook useEffect has a missing dependency: 'fetchSummary'. Either include it or remove the 
dependency array.  react-hooks/exhaustive-deps

./src/features/workplans/components/WorkPlanSection.tsx
41:8  Warning: React Hook useEffect has a missing dependency: 'loadWorkPlan'. Either include it or remove the 
dependency array.  react-hooks/exhaustive-deps
48:23  Error: Unexpected any. Specify a different type.  @typescript-eslint/no-explicit-any

./src/layout/AppSidebar.tsx
10:3  Warning: 'BoxCubeIcon' is defined but never used.  @typescript-eslint/no-unused-vars
14:3  Warning: 'PageIcon' is defined but never used.  @typescript-eslint/no-unused-vars
15:3  Warning: 'PieChartIcon' is defined but never used.  @typescript-eslint/no-unused-vars
16:3  Warning: 'TableIcon' is defined but never used.  @typescript-eslint/no-unused-vars

./src/shared/utils/export.ts
11:20  Error: Unexpected any. Specify a different type.  @typescript-eslint/no-explicit-any
18:9  Error: Unexpected any. Specify a different type.  @typescript-eslint/no-explicit-any
56:9  Error: Unexpected any. Specify a different type.  @typescript-eslint/no-explicit-any
62:5  Error: Use "@ts-expect-error" instead of "@ts-ignore", as "@ts-ignore" will do nothing if the following line is 
error-free.  @typescript-eslint/ban-ts-comment
212:5  Error: Use "@ts-expect-error" instead of "@ts-ignore", as "@ts-ignore" will do nothing if the following line is 
error-free.  @typescript-eslint/ban-ts-comment
244:9  Error: Unexpected any. Specify a different type.  @typescript-eslint/no-explicit-any

./src/types/next-pwa.d.ts
9:22  Error: Unexpected any. Specify a different type.  @typescript-eslint/no-explicit-any

info  - Need to disable some ESLint rules? Learn more here: 
https://nextjs.org/docs/app/api-reference/config/eslint#disabling-rules
