
> cermont-backend@1.0.0 build
> tsc && tsc-alias

src/infra/db/repositories/TokenBlacklistRepository.ts(113,22): error TS1361: 'TokenType' cannot be used as a value because it was imported using 'import type'.
src/infra/db/repositories/TokenBlacklistRepository.ts(116,22): error TS1361: 'TokenType' cannot be used as a value because it was imported using 'import type'.
src/infra/db/repositories/TokenBlacklistRepository.ts(123,10): error TS1361: 'TokenType' cannot be used as a value because it was imported using 'import type'.
src/infra/db/repositories/TokenBlacklistRepository.ts(124,10): error TS1361: 'TokenType' cannot be used as a value because it was imported using 'import type'.
src/infra/db/repositories/WorkPlanRepository.ts(101,9): error TS2322: Type '{} | null' is not assignable to type 'string | null | undefined'.
  Type '{}' is not assignable to type 'string'.
src/infra/db/repositories/WorkPlanRepository.ts(106,9): error TS2322: Type '{} | null' is not assignable to type 'string | null | undefined'.
  Type '{}' is not assignable to type 'string'.
src/infra/db/repositories/WorkPlanRepository.ts(107,9): error TS2322: Type '{} | null' is not assignable to type 'string | Date | null | undefined'.
  Type '{}' is not assignable to type 'string | Date | null | undefined'.
src/infra/db/repositories/WorkPlanRepository.ts(108,9): error TS2322: Type '{} | null' is not assignable to type 'string | Date | null | undefined'.
  Type '{}' is not assignable to type 'string | Date | null | undefined'.
src/infra/db/repositories/WorkPlanRepository.ts(109,9): error TS2322: Type '{} | null' is not assignable to type 'string | Date | null | undefined'.
  Type '{}' is not assignable to type 'string | Date | null | undefined'.
src/infra/db/repositories/WorkPlanRepository.ts(110,9): error TS2322: Type '{} | null' is not assignable to type 'string | Date | null | undefined'.
  Type '{}' is not assignable to type 'string | Date | null | undefined'.
src/infra/db/repositories/WorkPlanRepository.ts(111,9): error TS2322: Type '{} | null' is not assignable to type 'string | null | undefined'.
  Type '{}' is not assignable to type 'string'.
src/infra/services/healthService.ts(45,59): error TS2339: Property 'countActive' does not exist on type 'TokenBlacklistRepository'.
src/shared/security/TokenBlacklist.ts(28,38): error TS2339: Property 'add' does not exist on type 'TokenBlacklistRepository'.
src/shared/security/TokenBlacklist.ts(70,52): error TS2339: Property 'removeExpired' does not exist on type 'TokenBlacklistRepository'.
src/shared/security/TokenBlacklist.ts(90,52): error TS2339: Property 'revokeAllByUserId' does not exist on type 'TokenBlacklistRepository'.
