src/modules/customers/application/dto/customers.dto.ts(56,16): error TS2304: Cannot find name 'CustomerType'.
src/modules/customers/application/dto/customers.dto.ts(166,24): error TS2304: Cannot find name 'CustomerType'.
src/modules/customers/application/dto/customers.dto.ts(167,11): error TS2304: Cannot find name 'CustomerType'.
src/modules/customers/application/dto/customers.dto.ts(168,17): error TS2304: Cannot find name 'CustomerType'.
src/modules/customers/application/dto/customers.dto.ts(220,17): error TS2304: Cannot find name 'CustomerType'.
src/modules/orders/application/use-cases/__tests__/change-order-estado.use-case.spec.ts(77,7): error TS2322: Type '"planeacion"' is not assignable to type 'Orderstado'.
