src/modules/reportes/reportes.service.ts(18,11): error TS6196: 'Evidence' is declared but never used.
